// Jest Snapshot v1, https://goo.gl/fbAQLP

exports[`Service card unit test should match snapshot 1`] = `
Object {
  "asFragment": [Function],
  "baseElement": <body>
    <div>
      <div
        class="relative px-6 pt-20 md:pt-16 pb-8 flex-[0_1_400px] rounded-3xl text-white bg-yellow"
        data-testid="card"
      >
        <div
          class="absolute -top-12 left-10 bg-white rounded-xl"
        >
          <img
            alt="image"
            data-testid="card-image"
            height="85"
            src="home.jpg"
            width="85"
          />
        </div>
        <h3
          class="font-bold text-xl mb-1"
          data-testid="card-title"
        >
          Title
        </h3>
        <p
          class="text-lg mb-5"
          data-testid="card-description"
        >
          Description
        </p>
        <button
          class="hover:opacity-90 transition-opacity disabled:opacity-75 disabled:cursor-not-allowed py-2 rounded-full bg-yellow-light text-white px-6  text-md"
          data-testid="card-btn"
          disabled=""
        >
          Button
        </button>
      </div>
    </div>
  </body>,
  "container": <div>
    <div
      class="relative px-6 pt-20 md:pt-16 pb-8 flex-[0_1_400px] rounded-3xl text-white bg-yellow"
      data-testid="card"
    >
      <div
        class="absolute -top-12 left-10 bg-white rounded-xl"
      >
        <img
          alt="image"
          data-testid="card-image"
          height="85"
          src="home.jpg"
          width="85"
        />
      </div>
      <h3
        class="font-bold text-xl mb-1"
        data-testid="card-title"
      >
        Title
      </h3>
      <p
        class="text-lg mb-5"
        data-testid="card-description"
      >
        Description
      </p>
      <button
        class="hover:opacity-90 transition-opacity disabled:opacity-75 disabled:cursor-not-allowed py-2 rounded-full bg-yellow-light text-white px-6  text-md"
        data-testid="card-btn"
        disabled=""
      >
        Button
      </button>
    </div>
  </div>,
  "debug": [Function],
  "findAllByAltText": [Function],
  "findAllByDisplayValue": [Function],
  "findAllByLabelText": [Function],
  "findAllByPlaceholderText": [Function],
  "findAllByRole": [Function],
  "findAllByTestId": [Function],
  "findAllByText": [Function],
  "findAllByTitle": [Function],
  "findByAltText": [Function],
  "findByDisplayValue": [Function],
  "findByLabelText": [Function],
  "findByPlaceholderText": [Function],
  "findByRole": [Function],
  "findByTestId": [Function],
  "findByText": [Function],
  "findByTitle": [Function],
  "getAllByAltText": [Function],
  "getAllByDisplayValue": [Function],
  "getAllByLabelText": [Function],
  "getAllByPlaceholderText": [Function],
  "getAllByRole": [Function],
  "getAllByTestId": [Function],
  "getAllByText": [Function],
  "getAllByTitle": [Function],
  "getByAltText": [Function],
  "getByDisplayValue": [Function],
  "getByLabelText": [Function],
  "getByPlaceholderText": [Function],
  "getByRole": [Function],
  "getByTestId": [Function],
  "getByText": [Function],
  "getByTitle": [Function],
  "queryAllByAltText": [Function],
  "queryAllByDisplayValue": [Function],
  "queryAllByLabelText": [Function],
  "queryAllByPlaceholderText": [Function],
  "queryAllByRole": [Function],
  "queryAllByTestId": [Function],
  "queryAllByText": [Function],
  "queryAllByTitle": [Function],
  "queryByAltText": [Function],
  "queryByDisplayValue": [Function],
  "queryByLabelText": [Function],
  "queryByPlaceholderText": [Function],
  "queryByRole": [Function],
  "queryByTestId": [Function],
  "queryByText": [Function],
  "queryByTitle": [Function],
  "rerender": [Function],
  "unmount": [Function],
}
`;
